Archive member included to satisfy reference by file (symbol)

C:/AtmosicSDK/5.3.0/platform/atm2/ATM22xx-x1x/lib/lib_plf_dbg.a(framework_lib.o)
                              atm_debug.o (framework_mem_total_by_type)
c:/atmosicsdk/5.3.0/tools/gcc-arm-none-eabi-10.3-2021.07/bin/../lib/gcc/arm-none-eabi/10.3.1/thumb/v6-m/nofp\libgcc.a(_thumb1_case_sqi.o)
                              arm_traceback.o (__gnu_thumb1_case_sqi)
c:/atmosicsdk/5.3.0/tools/gcc-arm-none-eabi-10.3-2021.07/bin/../lib/gcc/arm-none-eabi/10.3.1/thumb/v6-m/nofp\libgcc.a(_popcountsi2.o)
                              ROM_errata_14.o (__popcountsi2)
c:/atmosicsdk/5.3.0/tools/gcc-arm-none-eabi-10.3-2021.07/bin/../lib/gcc/arm-none-eabi/10.3.1/../../../../arm-none-eabi/lib/thumb/v6-m/nofp\libc.a(lib_a-init.o)
                              user_startup_CMSDK_CM0.o (__libc_init_array)

Discarded input sections

 .data          0x00000000        0x0 user_startup_CMSDK_CM0.o
 .bss           0x00000000        0x0 user_startup_CMSDK_CM0.o
 .group         0x00000000        0xc lunch_parser.o
 .group         0x00000000        0xc lunch_parser.o
 .group         0x00000000        0xc lunch_parser.o
 .group         0x00000000        0xc lunch_parser.o
 .group         0x00000000        0xc lunch_parser.o
 .group         0x00000000        0xc lunch_parser.o
 .group         0x00000000        0xc lunch_parser.o
 .group         0x00000000        0xc lunch_parser.o
 .group         0x00000000        0xc lunch_parser.o
 .group         0x00000000        0xc lunch_parser.o
 .group         0x00000000        0xc lunch_parser.o
 .group         0x00000000        0xc lunch_parser.o
 .group         0x00000000        0xc lunch_parser.o
 .group         0x00000000        0xc lunch_parser.o
 .group         0x00000000        0xc lunch_parser.o
 .group         0x00000000        0xc lunch_parser.o
 .group         0x00000000        0xc lunch_parser.o
 .group         0x00000000        0xc lunch_parser.o
 .group         0x00000000        0xc lunch_parser.o
 .group         0x00000000        0xc lunch_parser.o
 .group         0x00000000        0xc lunch_parser.o
 .group         0x00000000        0xc lunch_parser.o
 .group         0x00000000        0xc lunch_parser.o
 .group         0x00000000        0xc lunch_parser.o
 .group         0x00000000        0xc lunch_parser.o
 .group         0x00000000        0xc lunch_parser.o
 .group         0x00000000        0xc lunch_parser.o
 .group         0x00000000        0xc lunch_parser.o
 .group         0x00000000        0xc lunch_parser.o
 .group         0x00000000        0xc lunch_parser.o
 .group         0x00000000        0xc lunch_parser.o
 .group         0x00000000        0xc lunch_parser.o
 .group         0x00000000        0xc lunch_parser.o
 .group         0x00000000        0xc lunch_parser.o
 .group         0x00000000        0xc lunch_parser.o
 .group         0x00000000        0xc lunch_parser.o
 .group         0x00000000        0xc lunch_parser.o
 .group         0x00000000        0xc lunch_parser.o
 .group         0x00000000        0xc lunch_parser.o
 .group         0x00000000        0xc lunch_parser.o
 .group         0x00000000        0xc lunch_parser.o
 .group         0x00000000        0xc lunch_parser.o
 .group         0x00000000        0xc lunch_parser.o
 .group         0x00000000        0xc lunch_parser.o
 .text          0x00000000        0x0 lunch_parser.o
 .data          0x00000000        0x0 lunch_parser.o
 .bss           0x00000000        0x0 lunch_parser.o
 .group         0x00000000        0xc user_init.o
 .group         0x00000000        0xc user_init.o
 .group         0x00000000        0xc user_init.o
 .group         0x00000000        0xc user_init.o
 .group         0x00000000        0xc user_init.o
 .group         0x00000000        0xc user_init.o
 .group         0x00000000        0xc user_init.o
 .group         0x00000000        0xc user_init.o
 .group         0x00000000        0xc user_init.o
 .group         0x00000000        0xc user_init.o
 .group         0x00000000        0xc user_init.o
 .group         0x00000000        0xc user_init.o
 .group         0x00000000        0xc user_init.o
 .group         0x00000000        0xc user_init.o
 .group         0x00000000        0xc user_init.o
 .group         0x00000000        0xc user_init.o
 .group         0x00000000        0xc user_init.o
 .group         0x00000000        0xc user_init.o
 .group         0x00000000        0xc user_init.o
 .group         0x00000000        0xc user_init.o
 .group         0x00000000        0xc user_init.o
 .group         0x00000000        0xc user_init.o
 .group         0x00000000        0xc user_init.o
 .group         0x00000000        0xc user_init.o
 .group         0x00000000        0xc user_init.o
 .group         0x00000000        0xc user_init.o
 .group         0x00000000        0xc user_init.o
 .group         0x00000000        0xc user_init.o
[...]
Memory Configuration

Name             Origin             Length             Attributes
FLASH            0x00000000         0x00040000         xr
UFLASH           0x10000000         0x00078000         xr
USER             0x10078000         0x00000000         xrw
NVDS             0x10078000         0x00008000         xrw
MPR              0x10080000         0x00000000         xrw
RAM              0x20000000         0x00014000         xrw
URAM             0x20014000         0x00004000         xrw
*default*        0x00000000         0xffffffff

Linker script and memory map

LOAD rom.o
LOAD user_startup_CMSDK_CM0.o
LOAD lunch_parser.o
LOAD user_init.o
LOAD lunch_scanner_peripheral.o
LOAD user_debug.o
LOAD hardfault_handler_armv6m.o
LOAD ROM_errata_10.o
LOAD ROM_errata_14.o
LOAD ROM_errata_16.o
LOAD atm_ble.o
LOAD interrupt.o
LOAD sw_timer.o
LOAD timer.o
LOAD atm_pm.o
LOAD heap.o
LOAD hw_cfg.o
LOAD pinmux.o
LOAD rf.o
LOAD watchdog.o
LOAD ext_flash.o
LOAD pmu.o
LOAD reset.o
LOAD brwnout.o
LOAD swd_dbg.o
LOAD arm_traceback.o
LOAD atm_adv.o
LOAD atm_adv_param.o
LOAD atm_asm.o
LOAD atm_debug.o
LOAD atm_gap.o
LOAD atm_gap_param.o
LOAD atm_scan.o
LOAD atm_scan_param.o
LOAD ble_gap.o
LOAD ble_module.o
LOAD ble_task.o
LOAD porting_ble.o
LOAD C:/AtmosicSDK/5.3.0/platform/atm2/ATM22xx-x1x/lib/lib_plf_dbg.a
START GROUP
LOAD c:/atmosicsdk/5.3.0/tools/gcc-arm-none-eabi-10.3-2021.07/bin/../lib/gcc/arm-none-eabi/10.3.1/thumb/v6-m/nofp\libgcc.a
LOAD c:/atmosicsdk/5.3.0/tools/gcc-arm-none-eabi-10.3-2021.07/bin/../lib/gcc/arm-none-eabi/10.3.1/../../../../arm-none-eabi/lib/thumb/v6-m/nofp\libc.a
END GROUP
START GROUP
LOAD c:/atmosicsdk/5.3.0/tools/gcc-arm-none-eabi-10.3-2021.07/bin/../lib/gcc/arm-none-eabi/10.3.1/thumb/v6-m/nofp\libgcc.a
LOAD c:/atmosicsdk/5.3.0/tools/gcc-arm-none-eabi-10.3-2021.07/bin/../lib/gcc/arm-none-eabi/10.3.1/../../../../arm-none-eabi/lib/thumb/v6-m/nofp\libc.a
LOAD c:/atmosicsdk/5.3.0/tools/gcc-arm-none-eabi-10.3-2021.07/bin/../lib/gcc/arm-none-eabi/10.3.1/../../../../arm-none-eabi/lib/thumb/v6-m/nofp\libm.a
LOAD c:/atmosicsdk/5.3.0/tools/gcc-arm-none-eabi-10.3-2021.07/bin/../lib/gcc/arm-none-eabi/10.3.1/../../../../arm-none-eabi/lib/thumb/v6-m/nofp\libnosys.a
END GROUP
                0x00000000                USER_LEN = DEFINED (USER_SIZE)?USER_SIZE:0x0
                0x00008000                NVDS_LEN = DEFINED (NVDS_SIZE)?NVDS_SIZE:0x8000
                0x00000000                MPR_LEN = DEFINED (MPR_SIZE)?MPR_SIZE:0x0
                0x00078000                UFLASH_LEN = (((DEFINED (FLASH_SIZE)?FLASH_SIZE:0x80000 - NVDS_LEN) - USER_LEN) - MPR_LEN)
                0x20014000                URAM_ORG = DEFINED (URAM_START)?URAM_START:0x20014000
                0x00004000                URAM_LEN = DEFINED (URAM_SIZE)?URAM_SIZE:0x4000

.text           0x10000000     0x658a
                0x10000000                __text_start__ = .
 *(.user_entry)
 .user_entry    0x10000000       0x70 user_startup_CMSDK_CM0.o
                0x10000000                _user_entry
 *(.text*)
 .text          0x10000070        0x2 user_startup_CMSDK_CM0.o
                0x10000070                _init
 *fill*         0x10000072        0x2 
 .text.try_parse_lunch_data
                0x10000074       0x94 lunch_parser.o
                0x10000074                try_parse_lunch_data
 .text.matches_bd_vendor
                0x10000108       0x1a lunch_parser.o
                0x10000108                matches_bd_vendor
 *fill*         0x10000122        0x2 
 .text.user_init_appm_init
                0x10000124       0x10 user_init.o
 .text.startup.user_init_constructor
                0x10000134       0xd8 user_init.o
 .text.bsa_adv_on
                0x1000020c       0x2c lunch_scanner_peripheral.o
 .text.bsa_init
                0x10000238       0xcc lunch_scanner_peripheral.o
 .text.bsa_restart_timer
                0x10000304       0x10 lunch_scanner_peripheral.o
 .text.bsa_adv_state_change
                0x10000314       0x58 lunch_scanner_peripheral.o
 .text.bsa_gap_init_cfm
                0x1000036c       0x10 lunch_scanner_peripheral.o
 .text.bsa_restart_scan
                0x1000037c       0x40 lunch_scanner_peripheral.o
 .text.bsa_delete_adv
                0x100003bc       0x34 lunch_scanner_peripheral.o
 .text.bsa_start_adv
                0x100003f0       0x50 lunch_scanner_peripheral.o
 .text.bsa_set_adv_data
                0x10000440      0x2bc lunch_scanner_peripheral.o
 .text.bsa_create_adv
                0x100006fc       0x54 lunch_scanner_peripheral.o
 .text.bsa_start_scan
                0x10000750       0x40 lunch_scanner_peripheral.o
 .text.bsa_scan_start_cfm
                0x10000790       0x30 lunch_scanner_peripheral.o
 .text.bsa_gap_init
                0x100007c0       0x1c lunch_scanner_peripheral.o
 .text.kh_resize_rssi
                0x100007dc      0x1e4 lunch_scanner_peripheral.o
 .text.bsa_scan_stop_ind
                0x100009c0       0x20 lunch_scanner_peripheral.o
 .text.bsa_unlock_hibernation
                0x100009e0       0x58 lunch_scanner_peripheral.o
 .text.bsa_scan_on
                0x10000a38       0x48 lunch_scanner_peripheral.o
 .text.bsa_ext_adv_ind
                0x10000a80      0x2d8 lunch_scanner_peripheral.o
 .text.startup.main
                0x10000d58       0x3c lunch_scanner_peripheral.o
                0x10000d58                main
 .text.startup.user_debug_constructor
                0x10000d94       0x1c user_debug.o
 .text.loop_forever
                0x10000db0        0x4 hardfault_handler_armv6m.o
 .text.HardFault_Handler
                0x10000db4       0x1c hardfault_handler_armv6m.o
                0x10000db4                HardFault_Handler
 .text.__HardFault_Handler_c
                0x10000dd0       0x68 hardfault_handler_armv6m.o
                0x10000dd0                HardFault_Handler_c
                0x10000dd0                __HardFault_Handler_c
 .text.startup.install_HFH
                0x10000e38       0x10 hardfault_handler_armv6m.o
 .text.ROM_errata_10_appm_init
                0x10000e48       0x64 ROM_errata_10.o
 .text.startup.ROM_errata_10_constructor
                0x10000eac       0x18 ROM_errata_10.o
 .text.lld_dynamic_rf_mode_control
                0x10000ec4       0x50 ROM_errata_14.o
 .text.startup.enable_ROM_errata_14
                0x10000f14       0x28 ROM_errata_14.o
 .text.ROM_errata_16_appm_init
                0x10000f3c       0x64 ROM_errata_16.o
 .text.startup.ROM_errata_16_constructor
                0x10000fa0       0x18 ROM_errata_16.o
 .text.sw_timer_appm_init
                0x10000fb8       0x18 sw_timer.o
 .text.sw_timer_msg_handler
                0x10000fd0       0x54 sw_timer.o
 .text.startup.sw_timer_init_constructor
                0x10001024       0x5c sw_timer.o
 .text.sw_timer_alloc
                0x10001080       0x70 sw_timer.o
                0x10001080                sw_timer_alloc
 .text.sw_timer_free
                0x100010f0       0x58 sw_timer.o
                0x100010f0                sw_timer_free
 .text.sw_timer_set
                0x10001148       0x54 sw_timer.o
                0x10001148                sw_timer_set
 .text.sw_timer_clear
                0x1000119c       0x50 sw_timer.o
                0x1000119c                sw_timer_clear
 .text.startup.atm_timer_init_constructor
                0x100011ec       0x28 timer.o
 .text.startup.atm_pm_init_constructor
                0x10001214       0x28 atm_pm.o
 .text.atm_pm_alloc
                0x1000123c       0x54 atm_pm.o
                0x1000123c                atm_pm_alloc
 .text.atm_pm_lock
                0x10001290       0x54 atm_pm.o
                0x10001290                atm_pm_lock
 .text.atm_pm_unlock
                0x100012e4       0x54 atm_pm.o
                0x100012e4                atm_pm_unlock
 .text.atm_pm_set_hib_restart_time
                0x10001338       0x1c atm_pm.o
                0x10001338                atm_pm_set_hib_restart_time
 .text.hw_cfg_pseq_init
                0x10001354       0xe4 hw_cfg.o
                0x10001354                hw_cfg_pseq_init
 .text.hw_cfg_pmu_init
                0x10001438       0x90 hw_cfg.o
                0x10001438                hw_cfg_pmu_init
 .text.hw_cfg_rif_init
                0x100014c8       0x54 hw_cfg.o
                0x100014c8                hw_cfg_rif_init
 .text.hw_cfg_mdm_init
                0x1000151c       0x18 hw_cfg.o
                0x1000151c                hw_cfg_mdm_init
 .text.hw_cfg_ble_rf_init
                0x10001534       0x1c hw_cfg.o
                0x10001534                hw_cfg_ble_rf_init
 .text.hw_cfg_optimize_scan_params
                0x10001550       0x4c hw_cfg.o
                0x10001550                hw_cfg_optimize_scan_params
 .text.hw_cfg_dynamic_rf_mode_ctrl_reg
                0x1000159c        0xc hw_cfg.o
                0x1000159c                hw_cfg_dynamic_rf_mode_ctrl_reg
 .text.hw_cfg_restore_scan_params
                0x100015a8       0x20 hw_cfg.o
                0x100015a8                hw_cfg_restore_scan_params
 .text.hw_cfg_init
                0x100015c8       0xfc hw_cfg.o
                0x100015c8                hw_cfg_init
 .text.hw_cfg_optimize_rx_scan
                0x100016c4       0x64 hw_cfg.o
                0x100016c4                hw_cfg_optimize_rx_scan
 .text.hw_cfg_restore_rx_scan
                0x10001728       0x68 hw_cfg.o
                0x10001728                hw_cfg_restore_rx_scan
 .text.startup.pinmux_init
                0x10001790      0x190 pinmux.o
 .text.pinmux_get_platform_info
                0x10001920        0x4 pinmux.o
                0x10001920                pinmux_get_platform_info
 .text.startup.watchdog_init_constructor
                0x10001924       0x2c watchdog.o
 .text.ext_flash_identify
                0x10001950       0x60 ext_flash.o
 .text.ext_flash_enable_AHB_writes
                0x100019b0       0x34 ext_flash.o
 .text.ext_flash_inval_cache
                0x100019e4       0x14 ext_flash.o
 .text.ext_flash_erase
                0x100019f8       0x68 ext_flash.o
 .text.ext_flash_cmp
                0x10001a60       0xe8 ext_flash.o
 .text.ext_flash_write
                0x10001b48      0x160 ext_flash.o
 .text.ext_flash_read
                0x10001ca8       0x38 ext_flash.o
 .text.ext_flash_init
                0x10001ce0      0x18c ext_flash.o
                0x10001ce0                ext_flash_init
 .text.startup.pmu_init
                0x10001e6c       0xe8 pmu.o
 .text.pmu_get_wkup_det
                0x10001f54        0xc pmu.o
                0x10001f54                pmu_get_wkup_det
 .text.pseq_get_boot_status
                0x10001f60        0xc pmu.o
                0x10001f60                pseq_get_boot_status
 .text.boot_status
                0x10001f6c      0x118 reset.o
                0x10001f6c                boot_status
 .text.startup.reset_print
                0x10002084       0x54 reset.o
 .text.startup.brwnout_init
                0x100020d8       0x28 brwnout.o
 .text.startup.swd_dbg_constructor
                0x10002100       0x28 swd_dbg.o
 .text.invalidate_reg_file
                0x10002128       0x12 arm_traceback.o
 *fill*         0x1000213a        0x2 
 .text.traceback_reporter
                0x1000213c       0x58 arm_traceback.o
 .text.execute_traceback
                0x10002194      0x3fc arm_traceback.o
                0x10002194                execute_traceback
 .text.atm_adv_cb
                0x10002590       0x10 atm_adv.o
 .text.atm_adv_find_by_actidx
                0x100025a0       0x1c atm_adv.o
 .text.atm_gapm_adv_print_status
                0x100025bc       0x1c atm_adv.o
 .text.atm_adv_sanity_err_return
                0x100025d8       0x44 atm_adv.o
 .text.atm_gapm_cmp_evt_set_adv_data_cmp
                0x1000261c       0x54 atm_adv.o
 .text.atm_gapm_cmp_evt_adv_start_cfm
                0x10002670       0x58 atm_adv.o
 .text.atm_gapm_cmp_evt_create_adv
                0x100026c8       0x6c atm_adv.o
 .text.atm_gapm_cmp_evt_delete_adv
                0x10002734       0x58 atm_adv.o
 .text.atm_adv_reg
                0x1000278c       0x24 atm_adv.o
                0x1000278c                atm_adv_reg
 .text.atm_adv_create
                0x100027b0      0x15c atm_adv.o
                0x100027b0                atm_adv_create
 .text.atm_adv_set_adv_data
                0x1000290c      0x208 atm_adv.o
                0x1000290c                atm_adv_set_adv_data
 .text.atm_adv_start
                0x10002b14       0x98 atm_adv.o
                0x10002b14                atm_adv_start
 .text.atm_adv_delete
                0x10002bac       0x50 atm_adv.o
                0x10002bac                atm_adv_delete
 .text.atm_adv_stopped_ind
                0x10002bfc       0x68 atm_adv.o
                0x10002bfc                atm_adv_stopped_ind
 .text.atm_adv_create_param_get
                0x10002c64       0x10 atm_adv_param.o
                0x10002c64                atm_adv_create_param_get
 .text.atm_adv_start_param_get
                0x10002c74        0xc atm_adv_param.o
                0x10002c74                atm_adv_start_param_get
 .text.atm_adv_advdata_param_get
                0x10002c80        0xc atm_adv_param.o
                0x10002c80                atm_adv_advdata_param_get
 .text.atm_asm_init_table
                0x10002c8c       0x34 atm_asm.o
                0x10002c8c                atm_asm_init_table
 .text.atm_asm_set_state_op
                0x10002cc0       0x4c atm_asm.o
                0x10002cc0                atm_asm_set_state_op
 .text.atm_asm_move
                0x10002d0c       0x6c atm_asm.o
                0x10002d0c                atm_asm_move
 .text.atm_gapc_cmp_evt_disconnect
                0x10002d78       0x28 atm_gap.o
 .text.proc_gapc_ind
                0x10002da0       0x40 atm_gap.o
 .text.atm_gapm_cmp_evt_set_device
                0x10002de0       0x5c atm_gap.o
 .text.atm_gap_mod_start_cfm
                0x10002e3c       0x6c atm_gap.o
 .text.atm_continue_init
                0x10002ea8      0x100 atm_gap.o
 .text.atm_gap_conidx_state_sanity
                0x10002fa8       0x30 atm_gap.o
 .text.atm_gap_conidx_sanity
                0x10002fd8       0x24 atm_gap.o
 .text.atm_gapm_cmp_evt_bt_reset
                0x10002ffc       0x30 atm_gap.o
 .text.atm_gap_start
                0x1000302c       0xa0 atm_gap.o
                0x1000302c                atm_gap_start
 .text.atm_gap_disconnect
                0x100030cc       0x54 atm_gap.o
                0x100030cc                atm_gap_disconnect
 .text.atm_gap_get_local_name
                0x10003120       0x1c atm_gap.o
                0x10003120                atm_gap_get_local_name
 .text.evt_handler
                0x1000313c      0x348 atm_gap.o
 .text.atm_gap_param_get
                0x10003484        0x8 atm_gap_param.o
                0x10003484                atm_gap_param_get
 .text.scan_find_by_actidx
                0x1000348c       0x1c atm_scan.o
 .text.gapm_cmp_evt_scan_start
                0x100034a8       0x5c atm_scan.o
 .text.atm_scan_create
                0x10003504       0x4c atm_scan.o
                0x10003504                atm_scan_create
 .text.atm_scan_create_and_start
                0x10003550       0x74 atm_scan.o
                0x10003550                atm_scan_create_and_start
 .text.atm_scan_start
                0x100035c4       0x74 atm_scan.o
                0x100035c4                atm_scan_start
 .text.gapm_cmp_evt_create_scan
                0x10003638       0x80 atm_scan.o
 .text.atm_scan_stopped_ind
                0x100036b8       0x60 atm_scan.o
                0x100036b8                atm_scan_stopped_ind
 .text.atm_get_nvds_scan_params
                0x10003718       0x40 atm_scan_param.o
                0x10003718                atm_get_nvds_scan_params
 .text.ble_gapc_cmp_cb_list_pick
                0x10003758       0x24 ble_gap.o
 .text.ble_gapm_default_handler
                0x1000377c        0x4 ble_gap.o
 .text.ble_gapm_gen_cb_evt
                0x10003780       0x10 ble_gap.o
 .text.ble_gapm_push_cb
                0x10003790       0x30 ble_gap.o
 .text.ble_gapm_create_activity
                0x100037c0       0x4c ble_gap.o
 .text.ble_gapm_start_activity
                0x1000380c       0x28 ble_gap.o
 .text.ble_gapc_le_ping_to_val_ind_handler
                0x10003834       0x3c ble_gap.o
 .text.ble_gapc_con_channel_map_ind_handler
                0x10003870       0x44 ble_gap.o
 .text.ble_gapc_con_rssi_ind_handler
                0x100038b4       0x3c ble_gap.o
 .text.ble_gapc_peer_features_ind_handler
                0x100038f0       0x48 ble_gap.o
 .text.ble_gapc_peer_version_ind_handler
                0x10003938       0x48 ble_gap.o
 .text.ble_gapm_cmp_evt_handler
                0x10003980       0x9c ble_gap.o
 .text.ble_gapm_ind_handler
                0x10003a1c      0x100 ble_gap.o
 .text.ble_gapc_cmp_evt_handler
                0x10003b1c       0xe4 ble_gap.o
 .text.ble_gapc_bond_ind_handler
                0x10003c00        0x4 ble_gap.o
 .text.ble_gapc_bond_req_ind_handler
                0x10003c04        0x4 ble_gap.o
 .text.ble_gapc_push_cb
                0x10003c08       0x30 ble_gap.o
                0x10003c08                ble_gapc_push_cb
 .text.ble_gap_evt_cb_call
                0x10003c38       0x24 ble_gap.o
                0x10003c38                ble_gap_evt_cb_call
 .text.ble_gapc_pkt_size_ind_handler
                0x10003c5c       0x2c ble_gap.o
 .text.ble_gapc_le_phy_ind_handler
                0x10003c88       0xbc ble_gap.o
 .text.ble_gapc_param_update_req_ind_handler
                0x10003d44       0x40 ble_gap.o
 .text.ble_gapc_default_handler
                0x10003d84      0x1ec ble_gap.o
 .text.ble_gapm_ext_adv_report_ind_handler
                0x10003f70       0x78 ble_gap.o
 .text.ble_gapm_activity_stopped_ind_handler
                0x10003fe8       0xbc ble_gap.o
 .text.ble_gap_evt_func_reg
                0x100040a4       0x44 ble_gap.o
                0x100040a4                ble_gap_evt_func_reg
 .text.ble_gapc_disconnect
                0x100040e8       0x54 ble_gap.o
                0x100040e8                ble_gapc_disconnect
 .text.ble_gapc_param_update_cfm
                0x1000413c       0x34 ble_gap.o
                0x1000413c                ble_gapc_param_update_cfm
 .text.ble_gapc_get_dev_info_cfm
                0x10004170       0xc8 ble_gap.o
                0x10004170                ble_gapc_get_dev_info_cfm
 .text.ble_gapm_reset_cmd
                0x10004238       0x5c ble_gap.o
                0x10004238                ble_gapm_reset_cmd
 .text.ble_gapm_set_device_config
                0x10004294       0xfc ble_gap.o
                0x10004294                ble_gapm_set_device_config
 .text.ble_gapm_delete_activity
                0x10004390       0x44 ble_gap.o
                0x10004390                ble_gapm_delete_activity
 .text.ble_gapm_create_adv_activity
                0x100043d4       0x5c ble_gap.o
                0x100043d4                ble_gapm_create_adv_activity
 .text.ble_gapm_create_scan_activity
                0x10004430       0x14 ble_gap.o
                0x10004430                ble_gapm_create_scan_activity
 .text.ble_gapm_set_adv_data
                0x10004444       0x88 ble_gap.o
                0x10004444                ble_gapm_set_adv_data
 .text.ble_gapm_start_adv
                0x100044cc       0x34 ble_gap.o
                0x100044cc                ble_gapm_start_adv
 .text.ble_gapm_start_scan
                0x10004500       0x40 ble_gap.o
                0x10004500                ble_gapm_start_scan
 .text.ble_gapc_reg_ind
                0x10004540        0xc ble_gap.o
                0x10004540                ble_gapc_reg_ind
 .text.ble_gap_init
                0x1000454c       0x3c ble_gap.o
                0x1000454c                ble_gap_init
 .text.ble_msg_handler
                0x10004588       0xe8 ble_task.o
 .text.ble_task_init
                0x10004670       0x14 ble_task.o
                0x10004670                ble_task_init
 .text.ble_task_register_handler
                0x10004684       0x60 ble_task.o
                0x10004684                ble_task_register_handler
 .text.ble_task_msg_handler_validate
                0x100046e4       0x48 ble_task.o
                0x100046e4                ble_task_msg_handler_validate
 .text.porting_ble_err_code_t
                0x1000472c      0x5e4 porting_ble.o
                0x1000472c                porting_ble_err_code_t
 .text.porting_co_error
                0x10004d10       0x4c porting_ble.o
                0x10004d10                porting_co_error
 .text.framework_set_llm_env_rand_addr
                0x10004d5c       0x18 C:/AtmosicSDK/5.3.0/platform/atm2/ATM22xx-x1x/lib/lib_plf_dbg.a(framework_lib.o)
                0x10004d5c                framework_set_llm_env_rand_addr
 .text          0x10004d74       0x14 c:/atmosicsdk/5.3.0/tools/gcc-arm-none-eabi-10.3-2021.07/bin/../lib/gcc/arm-none-eabi/10.3.1/thumb/v6-m/nofp\libgcc.a(_thumb1_case_sqi.o)
                0x10004d74                __gnu_thumb1_case_sqi
 .text          0x10004d88       0x34 c:/atmosicsdk/5.3.0/tools/gcc-arm-none-eabi-10.3-2021.07/bin/../lib/gcc/arm-none-eabi/10.3.1/thumb/v6-m/nofp\libgcc.a(_popcountsi2.o)
                0x10004d88                __popcountsi2
 .text.__libc_init_array
                0x10004dbc       0x44 c:/atmosicsdk/5.3.0/tools/gcc-arm-none-eabi-10.3-2021.07/bin/../lib/gcc/arm-none-eabi/10.3.1/../../../../arm-none-eabi/lib/thumb/v6-m/nofp\libc.a(lib_a-init.o)
                0x10004dbc                __libc_init_array
 .text.__libc_init_array.__stub
                0x10004e00       0x30 linker stubs
 *(.KEEP.text*)
 .KEEP.text     0x10004e30       0x40 user_init.o
                0x10004e30                app_version
                0x10004e51                atmosic_sdk_ver
 *(.init)
 *(.fini)
 *crtbegin.o(.ctors)
 *crtbegin?.o(.ctors)
 *(EXCLUDE_FILE(*crtend.o *crtend?.o) .ctors)
 *(SORT_BY_NAME(.ctors.*))
 *(.ctors)
 *crtbegin.o(.dtors)
 *crtbegin?.o(.dtors)
 *(EXCLUDE_FILE(*crtend.o *crtend?.o) .dtors)
 *(SORT_BY_NAME(.dtors.*))
 *(.dtors)
 *(.rodata*)
 .rodata.try_parse_lunch_data.str1.1
                0x10004e70       0x2b lunch_parser.o
 .rodata.M_NAME
                0x10004e9b        0xd lunch_parser.o
 .rodata.user_init_constructor.str1.1
                0x10004ea8       0x2e user_init.o
 .rodata.bsa_adv_on.str1.1
                0x10004ed6       0x1a lunch_scanner_peripheral.o
 .rodata.bsa_init.str1.1
                0x10004ef0       0x36 lunch_scanner_peripheral.o
 .rodata.bsa_adv_state_change.str1.1
                0x10004f26       0x2c lunch_scanner_peripheral.o
 .rodata.bsa_restart_scan.str1.1
                0x10004f52       0x30 lunch_scanner_peripheral.o
 .rodata.bsa_delete_adv.str1.1
                0x10004f82       0x31 lunch_scanner_peripheral.o
 .rodata.bsa_start_adv.str1.1
                0x10004fb3       0x90 lunch_scanner_peripheral.o
 .rodata.bsa_set_adv_data.str1.1
                0x10005043      0x123 lunch_scanner_peripheral.o
                                0x128 (size before relaxing)
 .rodata.bsa_create_adv.str1.1
                0x10005166       0x86 lunch_scanner_peripheral.o
 .rodata.bsa_start_scan.str1.1
                0x100051ec       0x3b lunch_scanner_peripheral.o
 .rodata.bsa_scan_start_cfm.str1.1
                0x10005227       0x1b lunch_scanner_peripheral.o
 .rodata.bsa_ext_adv_ind.str1.1
                0x10005242       0x89 lunch_scanner_peripheral.o
 .rodata.main.str1.1
                0x100052cb       0x11 lunch_scanner_peripheral.o
 .rodata.M_NAME
                0x100052dc        0xd lunch_scanner_peripheral.o
 *fill*         0x100052e9        0x3 
 .rodata.__ac_prime_list
                0x100052ec       0x80 lunch_scanner_peripheral.o
 .rodata.__func__.1
                0x1000536c        0xf lunch_scanner_peripheral.o
 .rodata.__func__.10
                0x1000537b        0xf lunch_scanner_peripheral.o
 .rodata.__func__.11
                0x1000538a       0x11 lunch_scanner_peripheral.o
 .rodata.__func__.3
                0x1000539b        0xc lunch_scanner_peripheral.o
 .rodata.__func__.4
                0x100053a7       0x17 lunch_scanner_peripheral.o
 .rodata.__func__.5
                0x100053be        0xf lunch_scanner_peripheral.o
 .rodata.__func__.6
                0x100053cd       0x11 lunch_scanner_peripheral.o
 .rodata.__func__.8
                0x100053de        0xe lunch_scanner_peripheral.o
 .rodata.__func__.9
                0x100053ec        0xb lunch_scanner_peripheral.o
 *fill*         0x100053f7        0x1 
 .rodata.gap_callbacks.0
                0x100053f8       0x24 lunch_scanner_peripheral.o
 .rodata.s_tbl.12
                0x1000541c       0x58 lunch_scanner_peripheral.o
 .rodata.scan_callbacks.2
                0x10005474       0x10 lunch_scanner_peripheral.o
 .rodata.__HardFault_Handler_c.str1.1
                0x10005484       0x6a hardfault_handler_armv6m.o
 .rodata.ROM_errata_10_appm_init.str1.1
                0x100054ee       0x4c ROM_errata_10.o
 .rodata.lld_dynamic_rf_mode_control.str1.1
                0x1000553a       0x1c ROM_errata_14.o
 .rodata.ROM_errata_16_appm_init.str1.1
                0x10005556       0x4c ROM_errata_16.o
 .rodata.sw_timer_msg_handler.str1.1
                0x100055a2       0x75 sw_timer.o
 .rodata.sw_timer_init_constructor.str1.1
                0x10005617       0x26 sw_timer.o
 .rodata.sw_timer_alloc.str1.1
                0x1000563d       0x17 sw_timer.o
                                 0x1f (size before relaxing)
 .rodata.sw_timer_free.str1.1
                0x10005654        0xd sw_timer.o
 .rodata.sw_timer_set.str1.1
                0x10005661       0x1c sw_timer.o
 *fill*         0x1000567d        0x3 
 .rodata.TASK_DESC_USER1
                0x10005680        0xc sw_timer.o
 .rodata.sw_timer_msg_handler_tab
                0x1000568c        0x8 sw_timer.o
 .rodata.atm_pm_realloc.str1.1
                0x10005694       0x2b atm_pm.o
                                 0x43 (size before relaxing)
 .rodata.atm_pm_alloc.str1.1
                0x100056bf       0x23 atm_pm.o
 .rodata.atm_pm_free.str1.1
                0x100056e2       0x3b atm_pm.o
                                 0x41 (size before relaxing)
 .rodata.hw_cfg_pseq_init.str1.1
                0x1000571d       0x13 hw_cfg.o
 .rodata.hw_cfg_optimize_rx_scan.str1.1
                0x10005730       0x13 hw_cfg.o
 .rodata.__func__.0
                0x10005743       0x17 hw_cfg.o
 .rodata.__func__.1
                0x1000575a       0x18 hw_cfg.o
 .rodata.pinmux_init.str1.1
                0x10005772      0x1ce pinmux.o
                                0x1d0 (size before relaxing)
 .rodata.ext_flash_cmp.str1.1
                0x10005940       0x2c ext_flash.o
 .rodata.ext_flash_write.str1.1
                0x1000596c       0x2d ext_flash.o
 .rodata.ext_flash_init.str1.1
                0x10005999       0x48 ext_flash.o
 .rodata.pmu_nonrf_vrange_config.str1.1
                0x100059e1        0x6 pmu.o
 .rodata.boot_status.str1.1
                0x100059e7        0xf reset.o
 .rodata.reset_print.str1.1
                0x100059f6       0x49 reset.o
 .rodata.str1.1
                0x10005a3f       0x38 brwnout.o
 .rodata.traceback_reporter.str1.1
                0x10005a77        0xd arm_traceback.o
 .rodata.execute_traceback.str1.1
                0x10005a84       0x19 arm_traceback.o
 .rodata.atm_gapm_adv_print_status.str1.1
                0x10005a9d       0x2a atm_adv.o
 .rodata.atm_adv_sanity_err_return.str1.1
                0x10005ac7       0x69 atm_adv.o
                                 0x6b (size before relaxing)
 .rodata.atm_gapm_cmp_evt_adv_start_cfm.str1.1
                0x10005b30       0x21 atm_adv.o
 .rodata.atm_gapm_cmp_evt_create_adv.str1.1
                0x10005b51       0x27 atm_adv.o
 .rodata.atm_gapm_cmp_evt_adv_stop.str1.1
                0x10005b78       0x28 atm_adv.o
 .rodata.atm_adv_create.str1.1
                0x10005ba0       0x55 atm_adv.o
 .rodata.atm_adv_set_adv_data.str1.1
                0x10005bf5      0x1ef atm_adv.o
 .rodata.M_NAME
                0x10005de4        0x8 atm_adv.o
 .rodata.atm_asm_init_table.str1.1
                0x10005dec        0xa atm_asm.o
 .rodata.atm_gapc_cmp_evt_disconnect.str1.1
                0x10005df6       0x2a atm_gap.o
 .rodata.proc_gapc_ind.str1.1
                0x10005e20       0x38 atm_gap.o
                                 0x3a (size before relaxing)
 .rodata.atm_gap_conidx_state_sanity.str1.1
                0x10005e58       0x2a atm_gap.o
 .rodata.atm_gapc_cmp_evt_get_info.str1.1
                0x10005e82       0x28 atm_gap.o
 .rodata.atm_gap_disconnect.str1.1
                0x10005eaa        0x7 atm_gap.o
 .rodata.evt_handler.str1.1
                0x10005eb1      0x183 atm_gap.o
 .rodata        0x10006034        0x6 atm_gap.o
 .rodata.M_NAME
                0x1000603a        0x8 atm_gap.o
 .rodata.cfm.0  0x10006042        0x6 atm_gap.o
 .rodata.zero.1
                0x10006048        0x6 atm_gap.o
 *fill*         0x1000604e        0x2 
 .rodata.default_bt_init_param.2
                0x10006050       0x20 atm_gap_param.o
 .rodata.default_dev_conf.1
                0x10006070       0x32 atm_gap_param.o
 .rodata.dname.0
                0x100060a2       0x12 atm_gap_param.o
 .rodata.gapm_cmp_evt_scan_start.str1.1
                0x100060b4       0x64 atm_scan.o
 .rodata.atm_scan_create.str1.1
                0x10006118       0x25 atm_scan.o
 .rodata.atm_scan_create_and_start.str1.1
                0x1000613d       0x44 atm_scan.o
 .rodata.atm_scan_start.str1.1
                0x10006181       0x36 atm_scan.o
 .rodata.gapm_cmp_evt_create_scan.str1.1
                0x100061b7       0x34 atm_scan.o
 .rodata.atm_scan_stopped_ind.str1.1
                0x100061eb       0x37 atm_scan.o
 .rodata.M_NAME
                0x10006222        0x9 atm_scan.o
 .rodata.__func__.0
                0x1000622b       0x15 atm_scan.o
 .rodata.__func__.5
                0x10006240       0x18 atm_scan.o
 .rodata.__func__.6
                0x10006258        0xf atm_scan.o
 .rodata.__func__.7
                0x10006267       0x19 atm_scan.o
 .rodata.__func__.8
                0x10006280       0x10 atm_scan.o
 .rodata.__func__.9
                0x10006290       0x1a atm_scan.o
 .rodata.ble_gapc_le_ping_to_val_ind_handler.str1.1
                0x100062aa        0xa ble_gap.o
                                  0xe (size before relaxing)
 .rodata.ble_gapm_cmp_evt_handler.str1.1
                0x100062b4       0x12 ble_gap.o
 .rodata.ble_gapc_cmp_evt_handler.str1.1
                0x100062c6       0x2b ble_gap.o
 .rodata.ble_gapc_param_update_req_ind_handler.str1.1
                0x100062f1       0x16 ble_gap.o
 .rodata.ble_gapm_activity_stopped_ind_handler.str1.1
                0x10006307        0x2 ble_gap.o
 .rodata.ble_gapc_get_dev_info_cfm.str1.1
                0x10006307       0x10 ble_gap.o
 .rodata.ble_gapm_set_device_config.str1.1
                0x10006317       0x24 ble_gap.o
 .rodata.ble_gapm_set_adv_data.str1.1
                0x1000633b       0x15 ble_gap.o
 .rodata.__func__.2
                0x10006350       0x1e ble_gap.o
 *fill*         0x1000636e        0x2 
 .rodata.ble_gapc_handlers
                0x10006370        0x8 ble_gap.o
 .rodata.ble_gapc_msg_handler_list
                0x10006378       0x60 ble_gap.o
 .rodata.ble_gapm_handlers
                0x100063d8        0x8 ble_gap.o
 .rodata.ble_gapm_msg_handler_list
                0x100063e0       0x48 ble_gap.o
 .rodata.ble_msg_handler.str1.1
                0x10006428       0x3b ble_task.o
 .rodata.ble_task_register_handler.str1.1
                0x10006463       0x4f ble_task.o
 .rodata.ble_task_msg_handler_validate.str1.1
                0x100064b2       0x96 ble_task.o
                                 0x98 (size before relaxing)
 .rodata.TASK_DESC_APP
                0x10006548        0xc ble_task.o
 .rodata.__func__.0
                0x10006554       0x10 ble_task.o
 .rodata.__func__.1
                0x10006564       0x10 ble_task.o
 .rodata.ble_msg_handler_tab
                0x10006574        0x8 ble_task.o
 .rodata.porting_ble_err_code_t.str1.1
                0x1000657c        0xe porting_ble.o
 *(.eh_frame*)

.glue_7         0x1000658c        0x0
 .glue_7        0x1000658c        0x0 linker stubs

.glue_7t        0x1000658c        0x0
 .glue_7t       0x1000658c        0x0 linker stubs

.vfp11_veneer   0x1000658c        0x0
 .vfp11_veneer  0x1000658c        0x0 linker stubs

.v4_bx          0x1000658c        0x0
 .v4_bx         0x1000658c        0x0 linker stubs

.iplt           0x1000658c        0x0
 .iplt          0x1000658c        0x0 user_startup_CMSDK_CM0.o

.rel.dyn        0x1000658c        0x0
 .rel.iplt      0x1000658c        0x0 user_startup_CMSDK_CM0.o
                0x1000658c                . = ALIGN (0x4)
                0x1000658c                __atm_module_start = .

.ATM.module
 *(SORT_BY_NAME(.atm_module.*))
                0x1000658c                __atm_module_end = .
                0x1000658c                . = ALIGN (0x4)
                0x1000658c                __at_cmd_start = .

.ATCOMMAND
 *(SORT_BY_NAME(.at_cmd.*))
                0x1000658c                __at_cmd_end = .

.ARM.extab
 *(.ARM.extab* .gnu.linkonce.armextab.*)
                0x1000658c                __exidx_start = .

.ARM.exidx
 *(.ARM.exidx* .gnu.linkonce.armexidx.*)
                0x1000658c                __exidx_end = .
                0x1000658c                . = ALIGN (0x4)
                0x1000658c                __etext = .

.data           0x20014000      0xb2c load address 0x1000658c
                0x20014000                __data_start__ = .
 *(vtable)
 *(.data*)
 .data.user_rv_appm_init.0
                0x20014000        0x8 user_init.o
 .data.user_rv_appm_init.13
                0x20014008        0x8 lunch_scanner_peripheral.o
 .data.HFH_Stopper
                0x20014010        0x4 hardfault_handler_armv6m.o
                0x20014010                HFH_Stopper
 .data_text.ROM_errata_10.c:25
                0x20014014       0x34 ROM_errata_10.o
 .data.user_rv_appm_init.2
                0x20014048        0x8 ROM_errata_10.o
 .data_text.ROM_errata_14.c:83
                0x20014050      0x144 ROM_errata_14.o
 .data.user_rv_lld_con_sched.0
                0x20014194        0x8 ROM_errata_14.o
 .data_text.ROM_errata_16.c:36
                0x2001419c       0x30 ROM_errata_16.o
 .data.user_rv_appm_init.2
                0x200141cc        0x8 ROM_errata_16.o
 .data.user_rv_appm_init.0
                0x200141d4        0x8 sw_timer.o
 .data_text.timer.c:295
                0x200141dc       0x18 timer.o
 .data.user_rv_plf_prevent_hibernation.6
                0x200141f4        0x8 timer.o
 .data.user_rv_plf_prevent_retention.5
                0x200141fc        0x8 timer.o
 .data_text.atm_pm.c:22
                0x20014204       0x3c atm_pm.o
 .data_text.atm_pm.c:43
                0x20014240       0x18 atm_pm.o
 .data.user_rv_plf_prevent_hibernation.2
                0x20014258        0x8 atm_pm.o
 .data.user_rv_plf_prevent_retention.1
                0x20014260        0x8 atm_pm.o
 .data_text.hw_cfg.c:182
                0x20014268       0x74 hw_cfg.o
                0x20014268                hw_cfg_max_interference_perf
 .data_text.hw_cfg.c:206
                0x200142dc       0x48 hw_cfg.o
                0x200142dc                hw_cfg_max_range_perf
 .data_text.watchdog.c:27
                0x20014324       0x44 watchdog.o
 .data_text.ext_flash.c:231
                0x20014368      0x1fc ext_flash.o
 .data_text.ext_flash.c:607
                0x20014564       0xb8 ext_flash.o
 .data_text.ext_flash.c:681
                0x2001461c       0x40 ext_flash.o
 .data_text.ext_flash.c:549
                0x2001465c       0x48 ext_flash.o
 .data.macronix_rv_plf_back_from_retain_all
                0x200146a4        0x8 ext_flash.o
 .data.macronix_rv_plf_retain_all
                0x200146ac        0x8 ext_flash.o
 .data.winbond_rv_plf_retain_all
                0x200146b4        0x8 ext_flash.o
 .data_text.pmu.c:358
                0x200146bc       0x80 pmu.o
                0x200146bc                pmu_soc_off
 .data_text.pmu.c:382
                0x2001473c       0xb8 pmu.o
 .data.user_rv_plf_hibernate.0
                0x200147f4        0x8 pmu.o
 .data_text.brwnout.c:40
                0x200147fc      0x214 brwnout.o
 .data_text.brwnout.c:131
                0x20014a10       0x10 brwnout.o
 .data_text.brwnout.c:137
                0x20014a20       0x10 brwnout.o
 .data.user_rv_plf_hibernate.0
                0x20014a30        0x8 brwnout.o
 .data.user_rv_plf_retain_all.1
                0x20014a38        0x8 brwnout.o
 .data_text.swd_dbg.c:21
                0x20014a40       0x28 swd_dbg.o
 .data.user_rv_plf_prevent_hibernation.0
                0x20014a68        0x8 swd_dbg.o
 .data.user_rv_plf_prevent_retention.1
                0x20014a70        0x8 swd_dbg.o
 .data.__compound_literal.0
                0x20014a78        0x8 atm_adv_param.o
 .data.__compound_literal.1
                0x20014a80        0x8 atm_adv_param.o
 .data.default_adv_create_param
                0x20014a88       0x28 atm_adv_param.o
                0x20014a88                default_adv_create_param
 .data.default_adv_data0
                0x20014ab0       0x18 atm_adv_param.o
                0x20014ab0                default_adv_data0
 .data.default_adv_start_param
                0x20014ac8        0x4 atm_adv_param.o
                0x20014ac8                default_adv_start_param
 .data.default_scan_data0
                0x20014acc        0xa atm_adv_param.o
                0x20014acc                default_scan_data0
 *fill*         0x20014ad6        0x2 
 .data.default_set_adv_data
                0x20014ad8        0x8 atm_adv_param.o
                0x20014ad8                default_set_adv_data
 .data.default_scan_params
                0x20014ae0       0x10 atm_scan_param.o
                0x20014af0                . = ALIGN (0x4)
                0x20014af0                PROVIDE (__preinit_array_start = .)
 *(.preinit_array)
                0x20014af0                PROVIDE (__preinit_array_end = .)
                0x20014af0                . = ALIGN (0x4)
                0x20014af0                PROVIDE (__init_array_start = .)
 *(SORT_BY_NAME(.init_array.*))
 .init_array.00101
                0x20014af0        0x4 watchdog.o
 .init_array.00102
                0x20014af4        0x4 user_debug.o
 .init_array.00106
                0x20014af8        0x4 pinmux.o
 .init_array.00199
                0x20014afc        0x4 user_init.o
 *(.init_array)
 .init_array    0x20014b00        0x4 hardfault_handler_armv6m.o
 .init_array    0x20014b04        0x4 ROM_errata_10.o
 .init_array    0x20014b08        0x4 ROM_errata_14.o
 .init_array    0x20014b0c        0x4 ROM_errata_16.o
 .init_array    0x20014b10        0x4 sw_timer.o
 .init_array    0x20014b14        0x4 timer.o
 .init_array    0x20014b18        0x4 atm_pm.o
 .init_array    0x20014b1c        0x4 pmu.o
 .init_array    0x20014b20        0x4 reset.o
 .init_array    0x20014b24        0x4 brwnout.o
 .init_array    0x20014b28        0x4 swd_dbg.o
                0x20014b2c                PROVIDE (__init_array_end = .)
                0x20014b2c                . = ALIGN (0x4)
                [!provide]                PROVIDE (__fini_array_start = .)
 *(SORT_BY_NAME(.fini_array.*))
 *(.fini_array)
                [!provide]                PROVIDE (__fini_array_end = .)
 *(.jcr*)
                0x20014b2c                . = ALIGN (0x4)
                0x20014b2c                __data_end__ = .
                0x00000001                ASSERT ((((__etext - ORIGIN (UFLASH)) + (__data_end__ - __data_start__)) < LENGTH (UFLASH)), section .data does not fit in region UFLASH)
                0x10078000                __NVDS_Flash = ORIGIN (NVDS)
                0x10080000                __NVDS_FlashEnd = (ORIGIN (NVDS) + LENGTH (NVDS))
                0x10078000                __User_Flash = ORIGIN (USER)
                0x10078000                __User_FlashEnd = (ORIGIN (USER) + LENGTH (USER))

.igot.plt       0x20014b2c        0x0 load address 0x100070b8
 .igot.plt      0x20014b2c        0x0 user_startup_CMSDK_CM0.o

.bss            0x20014b30      0x358 load address 0x100070c0
                0x20014b30                . = ALIGN (0x4)
                0x20014b30                __bss_start__ = .
 *(.bss*)
 .bss.adv_act_idx
                0x20014b30        0x1 lunch_scanner_peripheral.o
 *fill*         0x20014b31        0x3 
 .bss.adv_data.7
                0x20014b34        0x4 lunch_scanner_peripheral.o
 .bss.restart_time_csec
                0x20014b38        0x4 lunch_scanner_peripheral.o
 .bss.rssi_map  0x20014b3c        0x4 lunch_scanner_peripheral.o
 .bss.scan_act_idx
                0x20014b40        0x1 lunch_scanner_peripheral.o
 *fill*         0x20014b41        0x3 
 .bss.scan_lock_hiber
                0x20014b44        0x8 lunch_scanner_peripheral.o
 .bss.should_send
                0x20014b4c        0x1 lunch_scanner_peripheral.o
 .bss.sleep_mode
                0x20014b4d        0x1 lunch_scanner_peripheral.o
 .bss.tid_restart
                0x20014b4e        0x1 lunch_scanner_peripheral.o
 *fill*         0x20014b4f        0x1 
 .bss.TASK_DESC_LLC_PATCHED.0
                0x20014b50        0xc ROM_errata_10.o
 .bss.patched_llc_msg_hdl_tab.1
                0x20014b5c       0xe0 ROM_errata_10.o
 .bss.last_n_rssi
                0x20014c3c        0x3 ROM_errata_14.o
 .bss.mode      0x20014c3f        0x1 ROM_errata_14.o
 .bss.rssi_idx  0x20014c40        0x1 ROM_errata_14.o
 *fill*         0x20014c41        0x3 
 .bss.sync_miss_mask
                0x20014c44        0x4 ROM_errata_14.o
 .bss.TASK_DESC_LLM_PATCHED.0
                0x20014c48        0xc ROM_errata_16.o
 .bss.patched_llm_msg_hdl_tab.1
                0x20014c54       0x90 ROM_errata_16.o
 .bss.sw_timer_free_head
                0x20014ce4        0x4 sw_timer.o
 .bss.sw_timer_state
                0x20014ce8        0x1 sw_timer.o
 *fill*         0x20014ce9        0x3 
 .bss.sw_timers
                0x20014cec       0x60 sw_timer.o
 *fill*         0x20014d4c        0x4 
 .bss.atm_active_timer
                0x20014d50        0x8 timer.o
 .bss.atm_hibernate_restart
                0x20014d58        0x4 atm_pm.o
 .bss.atm_locks
                0x20014d5c        0xc atm_pm.o
 .bss.atm_locks_used
                0x20014d68        0xc atm_pm.o
 .bss.active_scan_param
                0x20014d74        0x1 hw_cfg.o
 *fill*         0x20014d75        0x3 
 .bss.dynamic_rf_mode_control
                0x20014d78        0x4 hw_cfg.o
 .bss.init.4    0x20014d7c        0x1 hw_cfg.o
 *fill*         0x20014d7d        0x3 
 .bss.scan_hw_params
                0x20014d80        0x8 hw_cfg.o
 .bss.scan_optimize_mask
                0x20014d88        0x4 hw_cfg.o
 .bss.watchdog_reset
                0x20014d8c        0x1 watchdog.o
 *fill*         0x20014d8d        0x3 
 .bss.flash_env
                0x20014d90        0xc ext_flash.o
 .bss.soc_off_done.1
                0x20014d9c        0x1 pmu.o
 .bss.brwnout_4ssocoff
                0x20014d9d        0x1 brwnout.o
 .bss.brwnout_disabled
                0x20014d9e        0x1 brwnout.o
 .bss.no_energy4tx
                0x20014d9f        0x1 brwnout.o
 .bss.adv_cb    0x20014da0        0x4 atm_adv.o
 .bss.advlst    0x20014da4       0x14 atm_adv.o
 .bss.atm_state
                0x20014db8        0xc atm_asm.o
 .bss.atm_cbs   0x20014dc4        0x4 atm_gap.o
 .bss.atm_dev   0x20014dc8        0xc atm_gap.o
 .bss.atm_links
                0x20014dd4       0x20 atm_gap.o
 .bss.g_scan_inst
                0x20014df4        0xc atm_scan.o
 .bss.scan_cfg_id_scan
                0x20014e00        0x1 atm_scan.o
 *fill*         0x20014e01        0x3 
 .bss.ble_gap_evt_cb_list
                0x20014e04       0x14 ble_gap.o
 .bss.ble_gapc_cmd_cmpl_cb_list
                0x20014e18       0x14 ble_gap.o
 .bss.ble_gapm_cmd_cmpl_cb_list
                0x20014e2c       0x14 ble_gap.o
 .bss.gapc_cmp_cb_list
                0x20014e40       0x14 ble_gap.o
 .bss.gapc_unsolicted_ind_cb_pri
                0x20014e54        0x4 ble_gap.o
 .bss.reset_once.1
                0x20014e58        0x1 ble_gap.o
 *fill*         0x20014e59        0x1 
 .bss.ble_task_count
                0x20014e5a        0x2 ble_task.o
 .bss.ble_task_state
                0x20014e5c        0x1 ble_task.o
 *fill*         0x20014e5d        0x3 
 .bss.pble_handlers
                0x20014e60       0x28 ble_task.o
 *(COMMON)
                0x20014e88                . = ALIGN (0x4)
                0x20014e88                __bss_end__ = .

.uninit         0x20014e88        0x0
                0x20014e88                . = ALIGN (0x4)
 *(.uninit*)
                0x20014e88                . = ALIGN (0x4)
OUTPUT(lunch_scanner_peripheral.elf elf32-littlearm)
LOAD linker stubs

.ARM.attributes
                0x00000000       0x28
 .ARM.attributes
                0x00000000       0x1b user_startup_CMSDK_CM0.o
 .ARM.attributes
                0x0000001b       0x2c lunch_parser.o
 .ARM.attributes
                0x00000047       0x2c user_init.o
 .ARM.attributes
                0x00000073       0x2c lunch_scanner_peripheral.o
 .ARM.attributes
                0x0000009f       0x2c user_debug.o
 .ARM.attributes
                0x000000cb       0x2c hardfault_handler_armv6m.o
 .ARM.attributes
                0x000000f7       0x2c ROM_errata_10.o
 .ARM.attributes
                0x00000123       0x2c ROM_errata_14.o
 .ARM.attributes
                0x0000014f       0x2c ROM_errata_16.o
 .ARM.attributes
                0x0000017b       0x2c sw_timer.o
 .ARM.attributes
                0x000001a7       0x2c timer.o
 .ARM.attributes
                0x000001d3       0x2c atm_pm.o
 .ARM.attributes
                0x000001ff       0x2c hw_cfg.o
 .ARM.attributes
                0x0000022b       0x2c pinmux.o
 .ARM.attributes
                0x00000257       0x2c watchdog.o
 .ARM.attributes
                0x00000283       0x2c ext_flash.o
 .ARM.attributes
                0x000002af       0x2c pmu.o
 .ARM.attributes
                0x000002db       0x2c reset.o
 .ARM.attributes
                0x00000307       0x2c brwnout.o
 .ARM.attributes
                0x00000333       0x2c swd_dbg.o
 .ARM.attributes
                0x0000035f       0x2c arm_traceback.o
 .ARM.attributes
                0x0000038b       0x2c atm_adv.o
 .ARM.attributes
                0x000003b7       0x2c atm_adv_param.o
 .ARM.attributes
                0x000003e3       0x2c atm_asm.o
 .ARM.attributes
                0x0000040f       0x2c atm_gap.o
 .ARM.attributes
                0x0000043b       0x2c atm_gap_param.o
 .ARM.attributes
                0x00000467       0x2c atm_scan.o
 .ARM.attributes
                0x00000493       0x2c atm_scan_param.o
 .ARM.attributes
                0x000004bf       0x2c ble_gap.o
 .ARM.attributes
                0x000004eb       0x2c ble_task.o
 .ARM.attributes
                0x00000517       0x2c porting_ble.o
 .ARM.attributes
                0x00000543       0x2c C:/AtmosicSDK/5.3.0/platform/atm2/ATM22xx-x1x/lib/lib_plf_dbg.a(framework_lib.o)
 .ARM.attributes
                0x0000056f       0x1e c:/atmosicsdk/5.3.0/tools/gcc-arm-none-eabi-10.3-2021.07/bin/../lib/gcc/arm-none-eabi/10.3.1/thumb/v6-m/nofp\libgcc.a(_thumb1_case_sqi.o)
 .ARM.attributes
                0x0000058d       0x2c c:/atmosicsdk/5.3.0/tools/gcc-arm-none-eabi-10.3-2021.07/bin/../lib/gcc/arm-none-eabi/10.3.1/thumb/v6-m/nofp\libgcc.a(_popcountsi2.o)
 .ARM.attributes
                0x000005b9       0x2c c:/atmosicsdk/5.3.0/tools/gcc-arm-none-eabi-10.3-2021.07/bin/../lib/gcc/arm-none-eabi/10.3.1/../../../../arm-none-eabi/lib/thumb/v6-m/nofp\libc.a(lib_a-init.o)

.comment        0x00000000       0x49
 .comment       0x00000000       0x49 lunch_parser.o
                                 0x4a (size before relaxing)
 .comment       0x00000049       0x4a user_init.o
 .comment       0x00000049       0x4a lunch_scanner_peripheral.o
 .comment       0x00000049       0x4a user_debug.o
 .comment       0x00000049       0x4a hardfault_handler_armv6m.o
 .comment       0x00000049       0x4a ROM_errata_10.o
 .comment       0x00000049       0x4a ROM_errata_14.o
 .comment       0x00000049       0x4a ROM_errata_16.o
 .comment       0x00000049       0x4a sw_timer.o
 .comment       0x00000049       0x4a timer.o
 .comment       0x00000049       0x4a atm_pm.o
 .comment       0x00000049       0x4a hw_cfg.o
 .comment       0x00000049       0x4a pinmux.o
 .comment       0x00000049       0x4a watchdog.o
 .comment       0x00000049       0x4a ext_flash.o
 .comment       0x00000049       0x4a pmu.o
 .comment       0x00000049       0x4a reset.o
 .comment       0x00000049       0x4a brwnout.o
 .comment       0x00000049       0x4a swd_dbg.o
 .comment       0x00000049       0x4a arm_traceback.o
 .comment       0x00000049       0x4a atm_adv.o
 .comment       0x00000049       0x4a atm_adv_param.o
 .comment       0x00000049       0x4a atm_asm.o
 .comment       0x00000049       0x4a atm_gap.o
 .comment       0x00000049       0x4a atm_gap_param.o
 .comment       0x00000049       0x4a atm_scan.o
 .comment       0x00000049       0x4a atm_scan_param.o
 .comment       0x00000049       0x4a ble_gap.o
 .comment       0x00000049       0x4a ble_task.o
 .comment       0x00000049       0x4a porting_ble.o
 .comment       0x00000049       0x4a C:/AtmosicSDK/5.3.0/platform/atm2/ATM22xx-x1x/lib/lib_plf_dbg.a(framework_lib.o)

.debug_line     0x00000000    0x1a856
 .debug_line    0x00000000       0xb8 user_startup_CMSDK_CM0.o
 .debug_line    0x000000b8      0x632 lunch_parser.o
 .debug_line    0x000006ea      0x799 user_init.o
 .debug_line    0x00000e83     0x15f8 lunch_scanner_peripheral.o
 .debug_line    0x0000247b      0x4ea user_debug.o
 .debug_line    0x00002965      0x607 hardfault_handler_armv6m.o
 .debug_line    0x00002f6c      0x728 ROM_errata_10.o
 .debug_line    0x00003694      0x990 ROM_errata_14.o
 .debug_line    0x00004024      0x74e ROM_errata_16.o
 .debug_line    0x00004772      0xa45 sw_timer.o
 .debug_line    0x000051b7     0x1264 timer.o
 .debug_line    0x0000641b      0x9bf atm_pm.o
 .debug_line    0x00006dda     0x12f0 hw_cfg.o
 .debug_line    0x000080ca      0x7f3 pinmux.o
 .debug_line    0x000088bd      0x5ec watchdog.o
 .debug_line    0x00008ea9     0x2036 ext_flash.o
 .debug_line    0x0000aedf     0x1925 pmu.o
 .debug_line    0x0000c804      0x750 reset.o
 .debug_line    0x0000cf54      0xae5 brwnout.o
 .debug_line    0x0000da39      0x5b5 swd_dbg.o
 .debug_line    0x0000dfee      0xa8a arm_traceback.o
 .debug_line    0x0000ea78     0x1a98 atm_adv.o
 .debug_line    0x00010510      0x9f8 atm_adv_param.o
 .debug_line    0x00010f08      0x763 atm_asm.o
 .debug_line    0x0001166b     0x1bcb atm_gap.o
 .debug_line    0x00013236      0x767 atm_gap_param.o
 .debug_line    0x0001399d      0xe3b atm_scan.o
 .debug_line    0x000147d8      0x7f0 atm_scan_param.o
 .debug_line    0x00014fc8     0x32f6 ble_gap.o
 .debug_line    0x000182be      0x877 ble_task.o
 .debug_line    0x00018b35     0x111b porting_ble.o
 .debug_line    0x00019c50      0xc06 C:/AtmosicSDK/5.3.0/platform/atm2/ATM22xx-x1x/lib/lib_plf_dbg.a(framework_lib.o)

.debug_info     0x00000000    0x2f631
 .debug_info    0x00000000       0x22 user_startup_CMSDK_CM0.o
 .debug_info    0x00000022      0x327 lunch_parser.o
 .debug_info    0x00000349      0xf10 user_init.o
 .debug_info    0x00001259     0x37fc lunch_scanner_peripheral.o
 .debug_info    0x00004a55       0xd0 user_debug.o
 .debug_info    0x00004b25      0x270 hardfault_handler_armv6m.o
 .debug_info    0x00004d95      0x4d6 ROM_errata_10.o
 .debug_info    0x0000526b      0x772 ROM_errata_14.o
 .debug_info    0x000059dd      0x5d8 ROM_errata_16.o
 .debug_info    0x00005fb5      0xcea sw_timer.o
 .debug_info    0x00006c9f     0x21b2 timer.o
 .debug_info    0x00008e51      0x889 atm_pm.o
 .debug_info    0x000096da     0x1e1e hw_cfg.o
 .debug_info    0x0000b4f8      0x68e pinmux.o
 .debug_info    0x0000bb86      0x320 watchdog.o
 .debug_info    0x0000bea6     0x2f45 ext_flash.o
 .debug_info    0x0000edeb     0x2ed1 pmu.o
 .debug_info    0x00011cbc      0x425 reset.o
 .debug_info    0x000120e1     0x13a3 brwnout.o
 .debug_info    0x00013484      0xb3d swd_dbg.o
 .debug_info    0x00013fc1      0xa3b arm_traceback.o
 .debug_info    0x000149fc     0x2878 atm_adv.o
 .debug_info    0x00017274     0x1480 atm_adv_param.o
 .debug_info    0x000186f4      0x532 atm_asm.o
 .debug_info    0x00018c26     0x535f atm_gap.o
 .debug_info    0x0001df85      0x688 atm_gap_param.o
 .debug_info    0x0001e60d     0x1b6f atm_scan.o
 .debug_info    0x0002017c      0xa21 atm_scan_param.o
 .debug_info    0x00020b9d     0xb947 ble_gap.o
 .debug_info    0x0002c4e4      0x7f2 ble_task.o
 .debug_info    0x0002ccd6      0xc1e porting_ble.o
 .debug_info    0x0002d8f4     0x1d3d C:/AtmosicSDK/5.3.0/platform/atm2/ATM22xx-x1x/lib/lib_plf_dbg.a(framework_lib.o)

.debug_abbrev   0x00000000     0x5e0d
 .debug_abbrev  0x00000000       0x12 user_startup_CMSDK_CM0.o
 .debug_abbrev  0x00000012      0x18b lunch_parser.o
 .debug_abbrev  0x0000019d      0x29a user_init.o
 .debug_abbrev  0x00000437      0x511 lunch_scanner_peripheral.o
 .debug_abbrev  0x00000948       0x97 user_debug.o
 .debug_abbrev  0x000009df      0x1e9 hardfault_handler_armv6m.o
 .debug_abbrev  0x00000bc8      0x1dc ROM_errata_10.o
 .debug_abbrev  0x00000da4      0x2bb ROM_errata_14.o
 .debug_abbrev  0x0000105f      0x24f ROM_errata_16.o
 .debug_abbrev  0x000012ae      0x2b1 sw_timer.o
 .debug_abbrev  0x0000155f      0x5fc timer.o
 .debug_abbrev  0x00001b5b      0x2a3 atm_pm.o
 .debug_abbrev  0x00001dfe      0x4b4 hw_cfg.o
 .debug_abbrev  0x000022b2      0x1ee pinmux.o
 .debug_abbrev  0x000024a0      0x1e1 watchdog.o
 .debug_abbrev  0x00002681      0x67c ext_flash.o
 .debug_abbrev  0x00002cfd      0x481 pmu.o
 .debug_abbrev  0x0000317e      0x194 reset.o
 .debug_abbrev  0x00003312      0x398 brwnout.o
 .debug_abbrev  0x000036aa      0x237 swd_dbg.o
 .debug_abbrev  0x000038e1      0x295 arm_traceback.o
 .debug_abbrev  0x00003b76      0x484 atm_adv.o
 .debug_abbrev  0x00003ffa      0x2ef atm_adv_param.o
 .debug_abbrev  0x000042e9      0x1a1 atm_asm.o
 .debug_abbrev  0x0000448a      0x508 atm_gap.o
 .debug_abbrev  0x00004992      0x125 atm_gap_param.o
 .debug_abbrev  0x00004ab7      0x40f atm_scan.o
 .debug_abbrev  0x00004ec6      0x1b1 atm_scan_param.o
 .debug_abbrev  0x00005077      0x6a7 ble_gap.o
 .debug_abbrev  0x0000571e      0x269 ble_task.o
 .debug_abbrev  0x00005987      0x127 porting_ble.o
 .debug_abbrev  0x00005aae      0x35f C:/AtmosicSDK/5.3.0/platform/atm2/ATM22xx-x1x/lib/lib_plf_dbg.a(framework_lib.o)

.debug_aranges  0x00000000      0xd30
 .debug_aranges
                0x00000000       0x28 user_startup_CMSDK_CM0.o
 .debug_aranges
                0x00000028       0x28 lunch_parser.o
 .debug_aranges
                0x00000050       0x28 user_init.o
 .debug_aranges
                0x00000078       0xb0 lunch_scanner_peripheral.o
 .debug_aranges
                0x00000128       0x20 user_debug.o
 .debug_aranges
                0x00000148       0x38 hardfault_handler_armv6m.o
 .debug_aranges
                0x00000180       0x30 ROM_errata_10.o
 .debug_aranges
                0x000001b0       0x30 ROM_errata_14.o
 .debug_aranges
                0x000001e0       0x30 ROM_errata_16.o
 .debug_aranges
                0x00000210       0x60 sw_timer.o
 .debug_aranges
                0x00000270       0x98 timer.o
 .debug_aranges
                0x00000308       0x70 atm_pm.o
 .debug_aranges
                0x00000378       0x98 hw_cfg.o
 .debug_aranges
                0x00000410       0x30 pinmux.o
 .debug_aranges
                0x00000440       0x30 watchdog.o
 .debug_aranges
                0x00000470       0xd0 ext_flash.o
 .debug_aranges
                0x00000540       0xb0 pmu.o
 .debug_aranges
                0x000005f0       0x28 reset.o
 .debug_aranges
                0x00000618       0x58 brwnout.o
 .debug_aranges
                0x00000670       0x28 swd_dbg.o
 .debug_aranges
                0x00000698       0x30 arm_traceback.o
 .debug_aranges
                0x000006c8       0xd8 atm_adv.o
 .debug_aranges
                0x000007a0       0x70 atm_adv_param.o
 .debug_aranges
                0x00000810       0x50 atm_asm.o
 .debug_aranges
                0x00000860      0x110 atm_gap.o
 .debug_aranges
                0x00000970       0x20 atm_gap_param.o
 .debug_aranges
                0x00000990       0x78 atm_scan.o
 .debug_aranges
                0x00000a08       0x28 atm_scan_param.o
 .debug_aranges
                0x00000a30      0x230 ble_gap.o
 .debug_aranges
                0x00000c60       0x40 ble_task.o
 .debug_aranges
                0x00000ca0       0x30 porting_ble.o
 .debug_aranges
                0x00000cd0       0x60 C:/AtmosicSDK/5.3.0/platform/atm2/ATM22xx-x1x/lib/lib_plf_dbg.a(framework_lib.o)

.debug_str      0x00000000   0x128380
 .debug_str     0x00000000       0xa9 user_startup_CMSDK_CM0.o
 .debug_str     0x000000a9    0x11f3e lunch_parser.o
                              0x121af (size before relaxing)
 .debug_str     0x00011fe7    0x2a8d4 user_init.o
                              0x3b4f5 (size before relaxing)
 .debug_str     0x0003c8bb     0x8858 lunch_scanner_peripheral.o
                              0x27091 (size before relaxing)
 .debug_str     0x00045113      0x111 user_debug.o
                              0x10a3a (size before relaxing)
 .debug_str     0x00045224      0x226 hardfault_handler_armv6m.o
                              0x11df8 (size before relaxing)
 .debug_str     0x0004544a      0x320 ROM_errata_10.o
                              0x1d737 (size before relaxing)
 .debug_str     0x0004576a     0x3560 ROM_errata_14.o
                              0x207ae (size before relaxing)
 .debug_str     0x00048cca      0x1cc ROM_errata_16.o
                              0x1d788 (size before relaxing)
 .debug_str     0x00048e96      0x29e sw_timer.o
                              0x1dfb9 (size before relaxing)
 .debug_str     0x00049134     0x5420 timer.o
                              0x35730 (size before relaxing)
 .debug_str     0x0004e554      0x320 atm_pm.o
                              0x3357b (size before relaxing)
 .debug_str     0x0004e874    0xbc547 hw_cfg.o
                              0xf96a6 (size before relaxing)
 .debug_str     0x0010adbb     0x5f6b pinmux.o
                              0x3bab3 (size before relaxing)
 .debug_str     0x00110d26      0x1a8 watchdog.o
                              0x2ef3d (size before relaxing)
 .debug_str     0x00110ece     0xa951 ext_flash.o
                              0x75a7c (size before relaxing)
 .debug_str     0x0011b81f      0xa51 pmu.o
                              0xc7a20 (size before relaxing)
 .debug_str     0x0011c270      0x2a6 reset.o
                              0x4127e (size before relaxing)
 .debug_str     0x0011c516      0x17f brwnout.o
                              0x97134 (size before relaxing)
 .debug_str     0x0011c695       0x94 swd_dbg.o
                              0x5f716 (size before relaxing)
 .debug_str     0x0011c729      0x6ea arm_traceback.o
                               0x8f3a (size before relaxing)
 .debug_str     0x0011ce13      0xc0a atm_adv.o
                              0x257aa (size before relaxing)
 .debug_str     0x0011da1d      0x733 atm_adv_param.o
                              0x20ab4 (size before relaxing)
 .debug_str     0x0011e150      0x13d atm_asm.o
                              0x10b2a (size before relaxing)
 .debug_str     0x0011e28d     0x3cab atm_gap.o
                              0x278ab (size before relaxing)
 .debug_str     0x00121f38      0x502 atm_gap_param.o
                              0x1f7db (size before relaxing)
 .debug_str     0x0012243a      0x256 atm_scan.o
                              0x2036c (size before relaxing)
 .debug_str     0x00122690      0x147 atm_scan_param.o
                              0x1f5c5 (size before relaxing)
 .debug_str     0x001227d7     0x3a0a ble_gap.o
                              0x29277 (size before relaxing)
 .debug_str     0x001261e1      0x134 ble_task.o
                              0x1d8ca (size before relaxing)
 .debug_str     0x00126315      0xe21 porting_ble.o
                              0x138c5 (size before relaxing)
 .debug_str     0x00127136     0x124a C:/AtmosicSDK/5.3.0/platform/atm2/ATM22xx-x1x/lib/lib_plf_dbg.a(framework_lib.o)
                              0x1eb5d (size before relaxing)

.debug_ranges   0x00000000     0x2ec0
 .debug_ranges  0x00000000       0x20 user_startup_CMSDK_CM0.o
 .debug_ranges  0x00000020       0x30 lunch_parser.o
 .debug_ranges  0x00000050       0x18 user_init.o
 .debug_ranges  0x00000068      0x308 lunch_scanner_peripheral.o
 .debug_ranges  0x00000370       0x10 user_debug.o
 .debug_ranges  0x00000380       0x28 hardfault_handler_armv6m.o
 .debug_ranges  0x000003a8       0x38 ROM_errata_10.o
 .debug_ranges  0x000003e0       0x70 ROM_errata_14.o
 .debug_ranges  0x00000450       0x78 ROM_errata_16.o
 .debug_ranges  0x000004c8       0x68 sw_timer.o
 .debug_ranges  0x00000530      0x2f0 timer.o
 .debug_ranges  0x00000820       0xc8 atm_pm.o
 .debug_ranges  0x000008e8      0x248 hw_cfg.o
 .debug_ranges  0x00000b30       0x88 pinmux.o
 .debug_ranges  0x00000bb8       0x20 watchdog.o
 .debug_ranges  0x00000bd8      0x7f8 ext_flash.o
 .debug_ranges  0x000013d0      0x488 pmu.o
 .debug_ranges  0x00001858       0x18 reset.o
 .debug_ranges  0x00001870       0xd8 brwnout.o
 .debug_ranges  0x00001948       0x48 swd_dbg.o
 .debug_ranges  0x00001990      0x198 arm_traceback.o
 .debug_ranges  0x00001b28      0x218 atm_adv.o
 .debug_ranges  0x00001d40       0xb0 atm_adv_param.o
 .debug_ranges  0x00001df0       0x68 atm_asm.o
 .debug_ranges  0x00001e58      0x1e8 atm_gap.o
 .debug_ranges  0x00002040       0x10 atm_gap_param.o
 .debug_ranges  0x00002050       0xb8 atm_scan.o
 .debug_ranges  0x00002108       0x18 atm_scan_param.o
 .debug_ranges  0x00002120      0xbe0 ble_gap.o
 .debug_ranges  0x00002d00      0x110 ble_task.o
 .debug_ranges  0x00002e10       0x20 porting_ble.o
 .debug_ranges  0x00002e30       0x90 C:/AtmosicSDK/5.3.0/platform/atm2/ATM22xx-x1x/lib/lib_plf_dbg.a(framework_lib.o)

.debug_loc      0x00000000    0x12e28
 .debug_loc     0x00000000      0x15d lunch_parser.o
 .debug_loc     0x0000015d       0x38 user_init.o
 .debug_loc     0x00000195      0xc8a lunch_scanner_peripheral.o
 .debug_loc     0x00000e1f       0x5c hardfault_handler_armv6m.o
 .debug_loc     0x00000e7b       0xa1 ROM_errata_10.o
 .debug_loc     0x00000f1c      0x318 ROM_errata_14.o
 .debug_loc     0x00001234       0xa1 ROM_errata_16.o
 .debug_loc     0x000012d5      0x4d5 sw_timer.o
 .debug_loc     0x000017aa      0xc44 timer.o
 .debug_loc     0x000023ee      0x2e9 atm_pm.o
 .debug_loc     0x000026d7      0x73f hw_cfg.o
 .debug_loc     0x00002e16      0x458 pinmux.o
 .debug_loc     0x0000326e     0x1c4a ext_flash.o
 .debug_loc     0x00004eb8     0x1081 pmu.o
 .debug_loc     0x00005f39      0x117 reset.o
 .debug_loc     0x00006050      0x4f2 brwnout.o
 .debug_loc     0x00006542       0x87 swd_dbg.o
 .debug_loc     0x000065c9     0x1917 arm_traceback.o
 .debug_loc     0x00007ee0     0x15e4 atm_adv.o
 .debug_loc     0x000094c4      0x2ef atm_adv_param.o
 .debug_loc     0x000097b3      0x319 atm_asm.o
 .debug_loc     0x00009acc     0x12d3 atm_gap.o
 .debug_loc     0x0000ad9f      0x9e2 atm_scan.o
 .debug_loc     0x0000b781       0x57 atm_scan_param.o
 .debug_loc     0x0000b7d8     0x557a ble_gap.o
 .debug_loc     0x00010d52      0x36e ble_task.o
 .debug_loc     0x000110c0     0x1b7a porting_ble.o
 .debug_loc     0x00012c3a      0x1ee C:/AtmosicSDK/5.3.0/platform/atm2/ATM22xx-x1x/lib/lib_plf_dbg.a(framework_lib.o)

.debug_macro    0x00000000    0x391fc
 .debug_macro   0x00000000      0x251 lunch_parser.o
 .debug_macro   0x00000251      0xb44 lunch_parser.o
 .debug_macro   0x00000d95       0x22 lunch_parser.o
 .debug_macro   0x00000db7       0x5e lunch_parser.o
 .debug_macro   0x00000e15       0x18 lunch_parser.o
 .debug_macro   0x00000e2d       0x5c lunch_parser.o
 .debug_macro   0x00000e89       0x35 lunch_parser.o
 .debug_macro   0x00000ebe      0x103 lunch_parser.o
 .debug_macro   0x00000fc1       0x3a lunch_parser.o
 .debug_macro   0x00000ffb       0x57 lunch_parser.o
 .debug_macro   0x00001052       0x6a lunch_parser.o
 .debug_macro   0x000010bc      0x1df lunch_parser.o
 .debug_macro   0x0000129b       0x82 lunch_parser.o
 .debug_macro   0x0000131d      0x4cc lunch_parser.o
 .debug_macro   0x000017e9       0x22 lunch_parser.o
 .debug_macro   0x0000180b       0x1c lunch_parser.o
 .debug_macro   0x00001827       0x97 lunch_parser.o
 .debug_macro   0x000018be      0x341 lunch_parser.o
 .debug_macro   0x00001bff       0x8d lunch_parser.o
 .debug_macro   0x00001c8c       0x10 lunch_parser.o
 .debug_macro   0x00001c9c       0x16 lunch_parser.o
 .debug_macro   0x00001cb2       0x43 lunch_parser.o
 .debug_macro   0x00001cf5       0x34 lunch_parser.o
 .debug_macro   0x00001d29       0x10 lunch_parser.o
 .debug_macro   0x00001d39       0x58 lunch_parser.o
 .debug_macro   0x00001d91      0x182 lunch_parser.o
 .debug_macro   0x00001f13       0xbe lunch_parser.o
 .debug_macro   0x00001fd1       0x16 lunch_parser.o
 .debug_macro   0x00001fe7      0x129 lunch_parser.o
 .debug_macro   0x00002110       0x16 lunch_parser.o
 .debug_macro   0x00002126       0x35 lunch_parser.o
 .debug_macro   0x0000215b       0xbe lunch_parser.o
 .debug_macro   0x00002219       0x16 lunch_parser.o
 .debug_macro   0x0000222f       0x22 lunch_parser.o
 .debug_macro   0x00002251      0x104 lunch_parser.o
 .debug_macro   0x00002355      0x129 lunch_parser.o
 .debug_macro   0x0000247e       0x22 lunch_parser.o
 .debug_macro   0x000024a0       0x40 lunch_parser.o
 .debug_macro   0x000024e0       0x1f lunch_parser.o
 .debug_macro   0x000024ff      0x242 lunch_parser.o
 .debug_macro   0x00002741      0x184 lunch_parser.o
 .debug_macro   0x000028c5      0xda2 lunch_parser.o
 .debug_macro   0x00003667       0x52 lunch_parser.o
 .debug_macro   0x000036b9       0xc7 lunch_parser.o
 .debug_macro   0x00003780       0x10 lunch_parser.o
 .debug_macro   0x00003790      0x304 user_init.o
 .debug_macro   0x00003a94      0xb44 user_init.o
 .debug_macro   0x000045d8       0x56 user_init.o
 .debug_macro   0x0000462e       0x51 user_init.o
 .debug_macro   0x0000467f       0x64 user_init.o
 .debug_macro   0x000046e3       0x34 user_init.o
 .debug_macro   0x00004717       0x16 user_init.o
 .debug_macro   0x0000472d       0xfd user_init.o
 .debug_macro   0x0000482a     0x2069 user_init.o
 .debug_macro   0x00006893       0xca user_init.o
 .debug_macro   0x0000695d       0x1c user_init.o
 .debug_macro   0x00006979      0x235 user_init.o
 .debug_macro   0x00006bae      0x24d user_init.o
 .debug_macro   0x00006dfb       0x16 user_init.o
 .debug_macro   0x00006e11       0xdf user_init.o
 .debug_macro   0x00006ef0      0x1bc user_init.o
 .debug_macro   0x000070ac       0x4a user_init.o
 .debug_macro   0x000070f6       0xc1 user_init.o
 .debug_macro   0x000071b7       0x2b user_init.o
 .debug_macro   0x000071e2       0x1c user_init.o
 .debug_macro   0x000071fe     0x2b03 user_init.o
 .debug_macro   0x00009d01      0xb91 user_init.o
 .debug_macro   0x0000a892      0x24f user_init.o
 .debug_macro   0x0000aae1       0x22 user_init.o
 .debug_macro   0x0000ab03      0x16a user_init.o
 .debug_macro   0x0000ac6d       0x34 user_init.o
 .debug_macro   0x0000aca1      0x493 lunch_scanner_peripheral.o
 .debug_macro   0x0000b134      0xb44 lunch_scanner_peripheral.o
 .debug_macro   0x0000bc78       0x10 lunch_scanner_peripheral.o
 .debug_macro   0x0000bc88       0x2e lunch_scanner_peripheral.o
 .debug_macro   0x0000bcb6       0xd8 lunch_scanner_peripheral.o
 .debug_macro   0x0000bd8e      0x1a5 lunch_scanner_peripheral.o
 .debug_macro   0x0000bf33       0x2f lunch_scanner_peripheral.o
 .debug_macro   0x0000bf62      0x116 lunch_scanner_peripheral.o
 .debug_macro   0x0000c078       0x1c lunch_scanner_peripheral.o
 .debug_macro   0x0000c094       0x3a lunch_scanner_peripheral.o
 .debug_macro   0x0000c0ce       0x3b lunch_scanner_peripheral.o
 .debug_macro   0x0000c109       0x10 lunch_scanner_peripheral.o
 .debug_macro   0x0000c119       0x10 lunch_scanner_peripheral.o
 .debug_macro   0x0000c129       0x3a lunch_scanner_peripheral.o
 .debug_macro   0x0000c163       0x10 lunch_scanner_peripheral.o
 .debug_macro   0x0000c173       0x1c lunch_scanner_peripheral.o
 .debug_macro   0x0000c18f       0xcd lunch_scanner_peripheral.o
 .debug_macro   0x0000c25c      0x14b lunch_scanner_peripheral.o
 .debug_macro   0x0000c3a7       0x34 lunch_scanner_peripheral.o
 .debug_macro   0x0000c3db      0x1a4 lunch_scanner_peripheral.o
 .debug_macro   0x0000c57f       0x16 lunch_scanner_peripheral.o
 .debug_macro   0x0000c595       0x16 lunch_scanner_peripheral.o
 .debug_macro   0x0000c5ab       0x22 lunch_scanner_peripheral.o
 .debug_macro   0x0000c5cd       0x70 lunch_scanner_peripheral.o
 .debug_macro   0x0000c63d       0x10 lunch_scanner_peripheral.o
 .debug_macro   0x0000c64d       0x7c lunch_scanner_peripheral.o
 .debug_macro   0x0000c6c9       0x17 lunch_scanner_peripheral.o
 .debug_macro   0x0000c6e0       0xee lunch_scanner_peripheral.o
 .debug_macro   0x0000c7ce      0x106 lunch_scanner_peripheral.o
 .debug_macro   0x0000c8d4      0x22c user_debug.o
 .debug_macro   0x0000cb00      0xb44 user_debug.o
 .debug_macro   0x0000d644       0x10 user_debug.o
 .debug_macro   0x0000d654      0x265 hardfault_handler_armv6m.o
 .debug_macro   0x0000d8b9      0xb44 hardfault_handler_armv6m.o
 .debug_macro   0x0000e3fd      0x322 ROM_errata_10.o
 .debug_macro   0x0000e71f      0xb44 ROM_errata_10.o
 .debug_macro   0x0000f263       0x34 ROM_errata_10.o
 .debug_macro   0x0000f297       0x10 ROM_errata_10.o
 .debug_macro   0x0000f2a7      0x3ae ROM_errata_14.o
 .debug_macro   0x0000f655      0xb44 ROM_errata_14.o
 .debug_macro   0x00010199       0x16 ROM_errata_14.o
 .debug_macro   0x000101af       0x16 ROM_errata_14.o
 .debug_macro   0x000101c5      0x106 ROM_errata_14.o
 .debug_macro   0x000102cb       0x10 ROM_errata_14.o
 .debug_macro   0x000102db       0x16 ROM_errata_14.o
 .debug_macro   0x000102f1       0x16 ROM_errata_14.o
 .debug_macro   0x00010307       0x16 ROM_errata_14.o
 .debug_macro   0x0001031d       0x16 ROM_errata_14.o
 .debug_macro   0x00010333      0x15a ROM_errata_14.o
 .debug_macro   0x0001048d       0x58 ROM_errata_14.o
 .debug_macro   0x000104e5      0x5e1 ROM_errata_14.o
 .debug_macro   0x00010ac6      0x317 ROM_errata_16.o
 .debug_macro   0x00010ddd      0xb44 ROM_errata_16.o
 .debug_macro   0x00011921      0x33b sw_timer.o
 .debug_macro   0x00011c5c      0xb44 sw_timer.o
 .debug_macro   0x000127a0      0x2c9 timer.o
 .debug_macro   0x00012a69      0xb44 timer.o
 .debug_macro   0x000135ad      0x818 timer.o
 .debug_macro   0x00013dc5       0x43 timer.o
 .debug_macro   0x00013e08      0x2a9 atm_pm.o
 .debug_macro   0x000140b1      0xb44 atm_pm.o
 .debug_macro   0x00014bf5       0x29 atm_pm.o
 .debug_macro   0x00014c1e       0x3d atm_pm.o
 .debug_macro   0x00014c5b      0x438 hw_cfg.o
 .debug_macro   0x00015093      0xb44 hw_cfg.o
 .debug_macro   0x00015bd7       0x16 hw_cfg.o
 .debug_macro   0x00015bed       0x44 hw_cfg.o
 .debug_macro   0x00015c31     0x4cb4 hw_cfg.o
 .debug_macro   0x0001a8e5      0xc0d hw_cfg.o
 .debug_macro   0x0001b4f2     0x11a0 hw_cfg.o
 .debug_macro   0x0001c692     0x42f7 hw_cfg.o
 .debug_macro   0x00020989       0x16 hw_cfg.o
 .debug_macro   0x0002099f      0x6b5 hw_cfg.o
 .debug_macro   0x00021054       0xac hw_cfg.o
 .debug_macro   0x00021100      0x136 hw_cfg.o
 .debug_macro   0x00021236     0x381b hw_cfg.o
 .debug_macro   0x00024a51       0xb8 hw_cfg.o
 .debug_macro   0x00024b09       0x16 hw_cfg.o
 .debug_macro   0x00024b1f     0x10b9 hw_cfg.o
 .debug_macro   0x00025bd8      0x367 pinmux.o
 .debug_macro   0x00025f3f      0xb44 pinmux.o
 .debug_macro   0x00026a83      0x57a pinmux.o
 .debug_macro   0x00026ffd       0x10 pinmux.o
 .debug_macro   0x0002700d      0x258 watchdog.o
 .debug_macro   0x00027265      0xb44 watchdog.o
 .debug_macro   0x00027da9      0x2fa ext_flash.o
 .debug_macro   0x000280a3      0xb44 ext_flash.o
 .debug_macro   0x00028be7      0xf05 ext_flash.o
 .debug_macro   0x00029aec      0x36f pmu.o
 .debug_macro   0x00029e5b      0xb44 pmu.o
 .debug_macro   0x0002a99f       0x20 pmu.o
 .debug_macro   0x0002a9bf      0x230 reset.o
 .debug_macro   0x0002abef      0xb44 reset.o
 .debug_macro   0x0002b733       0x10 reset.o
 .debug_macro   0x0002b743      0x29a brwnout.o
 .debug_macro   0x0002b9dd      0xb44 brwnout.o
 .debug_macro   0x0002c521      0x239 swd_dbg.o
 .debug_macro   0x0002c75a      0xb44 swd_dbg.o
 .debug_macro   0x0002d29e      0x2ef arm_traceback.o
 .debug_macro   0x0002d58d      0xb44 arm_traceback.o
 .debug_macro   0x0002e0d1       0xb2 arm_traceback.o
 .debug_macro   0x0002e183      0x1e5 arm_traceback.o
 .debug_macro   0x0002e368      0x47a atm_adv.o
 .debug_macro   0x0002e7e2      0xb44 atm_adv.o
 .debug_macro   0x0002f326       0x10 atm_adv.o
 .debug_macro   0x0002f336       0x16 atm_adv.o
 .debug_macro   0x0002f34c       0x22 atm_adv.o
 .debug_macro   0x0002f36e       0x10 atm_adv.o
 .debug_macro   0x0002f37e      0x390 atm_adv_param.o
 .debug_macro   0x0002f70e      0xb44 atm_adv_param.o
 .debug_macro   0x00030252       0x10 atm_adv_param.o
 .debug_macro   0x00030262       0x22 atm_adv_param.o
 .debug_macro   0x00030284      0x225 atm_asm.o
 .debug_macro   0x000304a9      0xb44 atm_asm.o
 .debug_macro   0x00030fed      0x4f0 atm_gap.o
 .debug_macro   0x000314dd      0xb44 atm_gap.o
 .debug_macro   0x00032021       0x16 atm_gap.o
 .debug_macro   0x00032037      0x1b7 atm_gap.o
 .debug_macro   0x000321ee      0x3a0 atm_gap_param.o
 .debug_macro   0x0003258e      0xb44 atm_gap_param.o
 .debug_macro   0x000330d2       0x52 atm_gap_param.o
 .debug_macro   0x00033124       0x88 atm_gap_param.o
 .debug_macro   0x000331ac      0x39e atm_scan.o
 .debug_macro   0x0003354a      0xb44 atm_scan.o
 .debug_macro   0x0003408e      0x3a1 atm_scan_param.o
 .debug_macro   0x0003442f      0xb44 atm_scan_param.o
 .debug_macro   0x00034f73       0x10 atm_scan_param.o
 .debug_macro   0x00034f83      0x407 ble_gap.o
 .debug_macro   0x0003538a      0xb44 ble_gap.o
 .debug_macro   0x00035ece       0x22 ble_gap.o
 .debug_macro   0x00035ef0      0x1e1 ble_gap.o
 .debug_macro   0x000360d1      0x31a ble_task.o
 .debug_macro   0x000363eb      0xb44 ble_task.o
 .debug_macro   0x00036f2f      0x235 porting_ble.o
 .debug_macro   0x00037164      0xb44 porting_ble.o
 .debug_macro   0x00037ca8      0x3b3 C:/AtmosicSDK/5.3.0/platform/atm2/ATM22xx-x1x/lib/lib_plf_dbg.a(framework_lib.o)
 .debug_macro   0x0003805b      0xaf0 C:/AtmosicSDK/5.3.0/platform/atm2/ATM22xx-x1x/lib/lib_plf_dbg.a(framework_lib.o)
 .debug_macro   0x00038b4b      0x16d C:/AtmosicSDK/5.3.0/platform/atm2/ATM22xx-x1x/lib/lib_plf_dbg.a(framework_lib.o)
 .debug_macro   0x00038cb8       0x56 C:/AtmosicSDK/5.3.0/platform/atm2/ATM22xx-x1x/lib/lib_plf_dbg.a(framework_lib.o)
 .debug_macro   0x00038d0e      0x35d C:/AtmosicSDK/5.3.0/platform/atm2/ATM22xx-x1x/lib/lib_plf_dbg.a(framework_lib.o)
 .debug_macro   0x0003906b      0x129 C:/AtmosicSDK/5.3.0/platform/atm2/ATM22xx-x1x/lib/lib_plf_dbg.a(framework_lib.o)
 .debug_macro   0x00039194       0x16 C:/AtmosicSDK/5.3.0/platform/atm2/ATM22xx-x1x/lib/lib_plf_dbg.a(framework_lib.o)
 .debug_macro   0x000391aa       0x36 C:/AtmosicSDK/5.3.0/platform/atm2/ATM22xx-x1x/lib/lib_plf_dbg.a(framework_lib.o)
 .debug_macro   0x000391e0       0x1c C:/AtmosicSDK/5.3.0/platform/atm2/ATM22xx-x1x/lib/lib_plf_dbg.a(framework_lib.o)

.debug_frame    0x00000000     0x247c
 .debug_frame   0x00000000       0x44 lunch_parser.o
 .debug_frame   0x00000044       0x44 user_init.o
 .debug_frame   0x00000088      0x218 lunch_scanner_peripheral.o
 .debug_frame   0x000002a0       0x28 user_debug.o
 .debug_frame   0x000002c8       0x60 hardfault_handler_armv6m.o
 .debug_frame   0x00000328       0x6c ROM_errata_10.o
 .debug_frame   0x00000394       0x64 ROM_errata_14.o
 .debug_frame   0x000003f8       0x68 ROM_errata_16.o
 .debug_frame   0x00000460      0x10c sw_timer.o
 .debug_frame   0x0000056c      0x1a8 timer.o
 .debug_frame   0x00000714      0x13c atm_pm.o
 .debug_frame   0x00000850      0x194 hw_cfg.o
 .debug_frame   0x000009e4       0x58 pinmux.o
 .debug_frame   0x00000a3c       0x48 watchdog.o
 .debug_frame   0x00000a84      0x27c ext_flash.o
 .debug_frame   0x00000d00      0x24c pmu.o
 .debug_frame   0x00000f4c       0x48 reset.o
 .debug_frame   0x00000f94       0xb8 brwnout.o
 .debug_frame   0x0000104c       0x40 swd_dbg.o
 .debug_frame   0x0000108c       0x60 arm_traceback.o
 .debug_frame   0x000010ec      0x29c atm_adv.o
 .debug_frame   0x00001388      0x104 atm_adv_param.o
 .debug_frame   0x0000148c       0xd8 atm_asm.o
 .debug_frame   0x00001564      0x348 atm_gap.o
 .debug_frame   0x000018ac       0x20 atm_gap_param.o
 .debug_frame   0x000018cc      0x148 atm_scan.o
 .debug_frame   0x00001a14       0x3c atm_scan_param.o
 .debug_frame   0x00001a50      0x804 ble_gap.o
 .debug_frame   0x00002254       0x90 ble_task.o
 .debug_frame   0x000022e4       0x5c porting_ble.o
 .debug_frame   0x00002340       0xf0 C:/AtmosicSDK/5.3.0/platform/atm2/ATM22xx-x1x/lib/lib_plf_dbg.a(framework_lib.o)
 .debug_frame   0x00002430       0x20 c:/atmosicsdk/5.3.0/tools/gcc-arm-none-eabi-10.3-2021.07/bin/../lib/gcc/arm-none-eabi/10.3.1/thumb/v6-m/nofp\libgcc.a(_popcountsi2.o)
 .debug_frame   0x00002450       0x2c c:/atmosicsdk/5.3.0/tools/gcc-arm-none-eabi-10.3-2021.07/bin/../lib/gcc/arm-none-eabi/10.3.1/../../../../arm-none-eabi/lib/thumb/v6-m/nofp\libc.a(lib_a-init.o)
